[0611/235733.432:INFO:CONSOLE(7)] "THREE.ColladaLoader: File version 1.4.0", source: file:///C:/Program%20Files/AnyLogic%208.9%20Personal%20Learning%20Edition/plugins/com.anylogic.graphics3d_8.9.7.202512121156/static/init.js (7)
[0611/235733.483:INFO:CONSOLE(13)] "Loaded: file:D:/Microsoft Edge/3d/car.dae", source: file:///C:/Program%20Files/AnyLogic%208.9%20Personal%20Learning%20Edition/plugins/com.anylogic.graphics3d_8.9.7.202512121156/static/init.js (13)
[0611/235733.495:INFO:CONSOLE(13)] "Loaded: file:D:/Microsoft Edge/3d/car.dae", source: file:///C:/Program%20Files/AnyLogic%208.9%20Personal%20Learning%20Edition/plugins/com.anylogic.graphics3d_8.9.7.202512121156/static/init.js (13)
[0611/235930.795:ERROR:gpu_init.cc(523)] Passthrough is not supported, GL is disabled, ANGLE is 
[0612/001214.828:INFO:CONSOLE(7)] "THREE.ColladaLoader: File version 1.4.0", source: file:///C:/Program%20Files/AnyLogic%208.9%20Personal%20Learning%20Edition/plugins/com.anylogic.graphics3d_8.9.7.202512121156/static/init.js (7)
[0612/001214.843:INFO:CONSOLE(13)] "Loaded: file:C:/Users/sawin/Models/Model2/3d/reseption_1.dae", source: file:///C:/Program%20Files/AnyLogic%208.9%20Personal%20Learning%20Edition/plugins/com.anylogic.graphics3d_8.9.7.202512121156/static/init.js (13)
[0612/001214.845:INFO:CONSOLE(13)] "Loaded: file:C:/Users/sawin/Models/Model2/3d/reseption_1.dae", source: file:///C:/Program%20Files/AnyLogic%208.9%20Personal%20Learning%20Edition/plugins/com.anylogic.graphics3d_8.9.7.202512121156/static/init.js (13)
[0612/001214.853:INFO:CONSOLE(7)] "THREE.ColladaLoader: File version 1.4.0", source: file:///C:/Program%20Files/AnyLogic%208.9%20Personal%20Learning%20Edition/plugins/com.anylogic.graphics3d_8.9.7.202512121156/static/init.js (7)
[0612/001214.861:INFO:CONSOLE(13)] "Loaded: file:C:/Users/sawin/Models/Model2/3d/chair.dae", source: file:///C:/Program%20Files/AnyLogic%208.9%20Personal%20Learning%20Edition/plugins/com.anylogic.graphics3d_8.9.7.202512121156/static/init.js (13)
[0612/001214.861:INFO:CONSOLE(13)] "Loaded: file:C:/Users/sawin/Models/Model2/3d/chair.dae", source: file:///C:/Program%20Files/AnyLogic%208.9%20Personal%20Learning%20Edition/plugins/com.anylogic.graphics3d_8.9.7.202512121156/static/init.js (13)
[0612/001214.885:INFO:CONSOLE(7)] "THREE.ColladaLoader: File version 1.4.0", source: file:///C:/Program%20Files/AnyLogic%208.9%20Personal%20Learning%20Edition/plugins/com.anylogic.graphics3d_8.9.7.202512121156/static/init.js (7)
[0612/001214.901:INFO:CONSOLE(13)] "Loaded: file:C:/Users/sawin/Models/Model2/3d/table.dae", source: file:///C:/Program%20Files/AnyLogic%208.9%20Personal%20Learning%20Edition/plugins/com.anylogic.graphics3d_8.9.7.202512121156/static/init.js (13)
[0612/001214.901:INFO:CONSOLE(13)] "Loaded: file:C:/Users/sawin/Models/Model2/3d/table.dae", source: file:///C:/Program%20Files/AnyLogic%208.9%20Personal%20Learning%20Edition/plugins/com.anylogic.graphics3d_8.9.7.202512121156/static/init.js (13)
[0612/001226.827:INFO:CONSOLE(7)] "THREE.ColladaLoader: File version 1.4.0", source: file:///C:/Program%20Files/AnyLogic%208.9%20Personal%20Learning%20Edition/plugins/com.anylogic.graphics3d_8.9.7.202512121156/static/init.js (7)
[0612/001226.856:INFO:CONSOLE(13)] "Loaded: file:C:/Users/sawin/Models/Model2/3d/person.dae", source: file:///C:/Program%20Files/AnyLogic%208.9%20Personal%20Learning%20Edition/plugins/com.anylogic.graphics3d_8.9.7.202512121156/static/init.js (13)
[0612/001226.860:INFO:CONSOLE(13)] "Loaded: file:C:/Users/sawin/Models/Model2/3d/person.dae", source: file:///C:/Program%20Files/AnyLogic%208.9%20Personal%20Learning%20Edition/plugins/com.anylogic.graphics3d_8.9.7.202512121156/static/init.js (13)
[0612/001751.966:INFO:CONSOLE(7)] "THREE.ColladaLoader: File version 1.4.0", source: file:///C:/Program%20Files/AnyLogic%208.9%20Personal%20Learning%20Edition/plugins/com.anylogic.graphics3d_8.9.7.202512121156/static/init.js (7)
[0612/001751.973:INFO:CONSOLE(13)] "Loaded: file:C:/Users/sawin/Desktop/им модел/3/3d/reseption_1.dae", source: file:///C:/Program%20Files/AnyLogic%208.9%20Personal%20Learning%20Edition/plugins/com.anylogic.graphics3d_8.9.7.202512121156/static/init.js (13)
[0612/001751.973:INFO:CONSOLE(13)] "Loaded: file:C:/Users/sawin/Desktop/им модел/3/3d/reseption_1.dae", source: file:///C:/Program%20Files/AnyLogic%208.9%20Personal%20Learning%20Edition/plugins/com.anylogic.graphics3d_8.9.7.202512121156/static/init.js (13)
[0612/001751.998:INFO:CONSOLE(7)] "THREE.ColladaLoader: File version 1.4.0", source: file:///C:/Program%20Files/AnyLogic%208.9%20Personal%20Learning%20Edition/plugins/com.anylogic.graphics3d_8.9.7.202512121156/static/init.js (7)
[0612/001752.030:INFO:CONSOLE(13)] "Loaded: file:C:/Users/sawin/Desktop/им модел/3/3d/person.dae", source: file:///C:/Program%20Files/AnyLogic%208.9%20Personal%20Learning%20Edition/plugins/com.anylogic.graphics3d_8.9.7.202512121156/static/init.js (13)
[0612/001752.032:INFO:CONSOLE(13)] "Loaded: file:C:/Users/sawin/Desktop/им модел/3/3d/person.dae", source: file:///C:/Program%20Files/AnyLogic%208.9%20Personal%20Learning%20Edition/plugins/com.anylogic.graphics3d_8.9.7.202512121156/static/init.js (13)
[0612/002859.546:INFO:CONSOLE(7)] "THREE.ColladaLoader: File version 1.4.0", source: file:///C:/Program%20Files/AnyLogic%208.9%20Personal%20Learning%20Edition/plugins/com.anylogic.graphics3d_8.9.7.202512121156/static/init.js (7)
[0612/002859.557:INFO:CONSOLE(13)] "Loaded: file:C:/Users/sawin/Desktop/им модел/4/3d/cash_desk.dae", source: file:///C:/Program%20Files/AnyLogic%208.9%20Personal%20Learning%20Edition/plugins/com.anylogic.graphics3d_8.9.7.202512121156/static/init.js (13)
[0612/002859.557:INFO:CONSOLE(13)] "Loaded: file:C:/Users/sawin/Desktop/им модел/4/3d/cash_desk.dae", source: file:///C:/Program%20Files/AnyLogic%208.9%20Personal%20Learning%20Edition/plugins/com.anylogic.graphics3d_8.9.7.202512121156/static/init.js (13)
[0612/002859.573:INFO:CONSOLE(7)] "THREE.ColladaLoader: File version 1.4.0", source: file:///C:/Program%20Files/AnyLogic%208.9%20Personal%20Learning%20Edition/plugins/com.anylogic.graphics3d_8.9.7.202512121156/static/init.js (7)
[0612/002859.592:INFO:CONSOLE(13)] "Loaded: file:C:/Users/sawin/Desktop/им модел/4/3d/person.dae", source: file:///C:/Program%20Files/AnyLogic%208.9%20Personal%20Learning%20Edition/plugins/com.anylogic.graphics3d_8.9.7.202512121156/static/init.js (13)
[0612/002859.596:INFO:CONSOLE(13)] "Loaded: file:C:/Users/sawin/Desktop/им модел/4/3d/person.dae", source: file:///C:/Program%20Files/AnyLogic%208.9%20Personal%20Learning%20Edition/plugins/com.anylogic.graphics3d_8.9.7.202512121156/static/init.js (13)
